// Jest Snapshot v1, https://goo.gl/fbAQLP

exports[`snapShot Testing  1`] = `
<Fragment>
  <h1>
     Snap Shot Test 
  </h1>
  <h2>
     Snap Shot Test
  </h2>
  <h3>
     Snap Shot Test
  </h3>
  <h4>
     Snap Shot Test
  </h4>
  <h5>
     Snap Shot Test
  </h5>
  <h6>
     Snap Shot Test
  </h6>
</Fragment>
`;
